[2026-05-13 16:00:10] ===== Pipeline run started =====
[2026-05-13 16:00:10] pip upgrade (attempt 1/2)
[2026-05-13 16:00:53] pip upgrade failed: pip upgrade failed.. Retrying in 8 second(s).
[2026-05-13 16:01:01] pip upgrade (attempt 2/2)
[2026-05-14 11:30:07] ===== Pipeline run started =====
[2026-05-14 11:30:07] pip upgrade (attempt 1/2)
[2026-05-14 11:30:14] pip upgrade failed: pip upgrade failed.. Retrying in 8 second(s).
[2026-05-14 11:30:22] pip upgrade (attempt 2/2)
[2026-05-14 12:02:12] ===== Pipeline run started =====
[2026-05-14 12:02:13] pip upgrade (attempt 1/2)
[2026-05-14 12:02:36] pip upgrade failed: pip upgrade failed.. Retrying in 8 second(s).
[2026-05-14 12:02:44] pip upgrade (attempt 2/2)
[2026-05-14 16:00:21] ===== Pipeline run started =====
[2026-05-14 16:00:22] pip upgrade (attempt 1/2)
[2026-05-14 16:00:51] pip upgrade failed: pip upgrade failed.. Retrying in 8 second(s).
[2026-05-14 16:00:59] pip upgrade (attempt 2/2)
[2026-05-19 10:30:16] ===== Pipeline run started =====
[2026-05-19 10:30:16] pip upgrade (attempt 1/2)
[2026-05-19 10:30:37] pip upgrade failed: pip upgrade failed.. Retrying in 8 second(s).
[2026-05-19 10:30:46] pip upgrade (attempt 2/2)
[2026-05-19 11:30:21] ===== Pipeline run started =====
[2026-05-19 11:30:22] pip upgrade (attempt 1/2)
[2026-05-19 11:30:50] pip upgrade failed: pip upgrade failed.. Retrying in 8 second(s).
[2026-05-19 11:30:58] pip upgrade (attempt 2/2)
[2026-05-19 12:02:20] ===== Pipeline run started =====
[2026-05-19 12:02:20] pip upgrade (attempt 1/2)
[2026-05-19 12:02:29] pip upgrade failed: pip upgrade failed.. Retrying in 8 second(s).
[2026-05-19 12:02:37] pip upgrade (attempt 2/2)
[2026-05-19 16:00:18] ===== Pipeline run started =====
[2026-05-19 16:00:18] pip upgrade (attempt 1/2)
[2026-05-19 16:00:42] pip upgrade failed: pip upgrade failed.. Retrying in 8 second(s).
[2026-05-19 16:00:50] pip upgrade (attempt 2/2)
[2026-05-20 11:30:02] ===== Pipeline run started =====
[2026-05-20 11:30:02] pip upgrade (attempt 1/2)
[2026-05-20 11:30:22] pip upgrade failed: pip upgrade failed.. Retrying in 8 second(s).
[2026-05-20 11:30:30] pip upgrade (attempt 2/2)
[2026-05-20 12:02:14] ===== Pipeline run started =====
[2026-05-20 12:02:14] pip upgrade (attempt 1/2)
[2026-05-20 12:02:21] pip upgrade failed: pip upgrade failed.. Retrying in 8 second(s).
[2026-05-20 12:02:29] pip upgrade (attempt 2/2)
[2026-05-20 16:00:14] ===== Pipeline run started =====
[2026-05-20 16:00:14] pip upgrade (attempt 1/2)
[2026-05-20 16:00:17] pip install requirements (attempt 1/2)
[2026-05-20 16:00:19] Running outlook_dpr_watcher.py
[2026-05-20 16:00:58] Running pipeline_runner.py --no-serve
[2026-05-20 16:13:41] Staging git changes
[2026-05-20 16:13:45] Creating commit: Auto pipeline update 2026-05-20 16:13:45
[2026-05-20 16:13:47] git push vm main (attempt 1/2)
[2026-05-20 16:24:11] git push origin main (final step) (attempt 1/3)
[2026-05-20 16:24:32] git push origin main (final step) failed: git push origin main failed.. Retrying in 15 second(s).
[2026-05-20 16:24:48] git push origin main (final step) (attempt 2/3)
[2026-05-20 16:25:09] git push origin main (final step) failed: git push origin main failed.. Retrying in 15 second(s).
[2026-05-20 16:25:24] git push origin main (final step) (attempt 3/3)
[2026-05-21 10:30:04] ===== Pipeline run started =====
[2026-05-21 10:30:04] pip upgrade (attempt 1/2)
[2026-05-21 10:30:06] pip install requirements (attempt 1/2)
[2026-05-21 10:30:07] Running outlook_dpr_watcher.py
[2026-05-21 10:30:44] Running pipeline_runner.py --no-serve
[2026-05-21 10:44:57] Staging git changes
[2026-05-21 10:44:58] Creating commit: Auto pipeline update 2026-05-21 10:44:58
[2026-05-21 10:44:59] git push vm main (attempt 1/2)
[2026-05-21 10:45:42] git push origin main (final step) (attempt 1/3)
[2026-05-21 10:46:04] git push origin main (final step) failed: git push origin main failed.. Retrying in 15 second(s).
[2026-05-21 10:46:19] git push origin main (final step) (attempt 2/3)
[2026-05-21 10:46:20] git push origin main (final step) failed: git push origin main failed.. Retrying in 15 second(s).
[2026-05-21 10:46:35] git push origin main (final step) (attempt 3/3)
[2026-05-21 11:30:16] ===== Pipeline run started =====
[2026-05-21 11:30:16] pip upgrade (attempt 1/2)
[2026-05-21 11:30:19] pip install requirements (attempt 1/2)
[2026-05-21 11:30:20] Running outlook_dpr_watcher.py
[2026-05-21 11:31:16] Running pipeline_runner.py --no-serve
[2026-05-21 11:45:01] Staging git changes
